// Jest Snapshot v1, https://goo.gl/fbAQLP

exports[`Home Home 1`] = `undefined`;
