// Jest Snapshot v1, https://goo.gl/fbAQLP

exports[`test will work 1`] = `
ShallowWrapper {
  "length": 1,
  Symbol(enzyme.__root__): [Circular],
  Symbol(enzyme.__unrendered__): <GiftItem
    id="item.id"
    name="item.title"
    url="https://media3.giphy.com/media/3ktRws88PRbBVbbYyE/giphy-preview.gif"
  />,
  Symbol(enzyme.__renderer__): Object {
    "batchedUpdates": [Function],
    "getNode": [Function],
    "render": [Function],
    "simulateEvent": [Function],
    "unmount": [Function],
  },
  Symbol(enzyme.__node__): Object {
    "instance": null,
    "key": undefined,
    "nodeType": "class",
    "props": Object {
      "alt": "",
      "onClick": [Function],
      "src": "https://media3.giphy.com/media/3ktRws88PRbBVbbYyE/giphy-preview.gif",
    },
    "ref": null,
    "rendered": null,
    "type": [Function],
  },
  Symbol(enzyme.__nodes__): Array [
    Object {
      "instance": null,
      "key": undefined,
      "nodeType": "class",
      "props": Object {
        "alt": "",
        "onClick": [Function],
        "src": "https://media3.giphy.com/media/3ktRws88PRbBVbbYyE/giphy-preview.gif",
      },
      "ref": null,
      "rendered": null,
      "type": [Function],
    },
  ],
  Symbol(enzyme.__options__): Object {
    "adapter": ReactSixteenAdapter {
      "options": Object {
        "enableComponentDidUpdateOnSetState": true,
      },
    },
  },
}
`;
